// Vitest Snapshot v1, https://vitest.dev/guide/snapshot.html

exports[`doEmbed > should expose the raw response 1`] = `
{
  "body": {
    "embeddings": [
      [
        0.1,
        0.2,
        0.3,
        0.4,
        0.5,
      ],
      [
        0.6,
        0.7,
        0.8,
        0.9,
        1,
      ],
    ],
    "load_duration": 1019500,
    "model": "dummy-embedding-model",
    "prompt_eval_count": 8,
    "total_duration": 14143917,
  },
  "headers": {
    "content-length": "162",
    "content-type": "application/json",
    "test-header": "test-value",
  },
}
`;
